---
source: figma-explorer/tests/e2e/browse.rs
expression: text
---
# searched 2 cached files
file:2:1:7780  583x48@24,636  | FRAME  89.4  "Notification Content"  (Design > Notifications > Notification > Notification)  [+3 hits]
file:2:1:7790  583x48@24,708  | FRAME  89.4  "Notification Content"  (Design > Notifications > Notification > Notification)  [+3 hits]
file:2:1:7825  583x48@24,952  | FRAME  89.4  "Notification Content"  (Design > Notifications > Notification > Notification)  [+4 hits]
